Starting job 4112152 on gpu-5 on Fox at Wed Sep 2 13:04:30 CEST 2026

module purge && \
module load JupyterLab/4.2.5-GCCcore-13.3.0 && \
source /projects/ec674/venvs/in5310h26/bin/activate && \
python src/train.py --mode lora
Traceback (most recent call last):
  File "/fp/homes01/u01/ec-jannikr/g07-p1/src/train.py", line 129, in <module>
    main()
    ~~~~^^
  File "/fp/homes01/u01/ec-jannikr/g07-p1/src/train.py", line 69, in main
    train_loader, val_loader, classes = get_dataloaders(args.data_dir, args.batch_size)
                                        ~~~~~~~~~~~~~~~^^^^^^^^^^^^^^^^^^^^^^^^^^^^^^^^
  File "/fp/homes01/u01/ec-jannikr/g07-p1/src/data.py", line 33, in get_dataloaders
    train_set = ImageFolder(f"{data_dir}/train", transform=get_transforms(train=True))
  File "/fp/projects01/ec674/venvs/in5310h26/lib/python3.13/site-packages/torchvision/datasets/folder.py", line 328, in __init__
    super().__init__(
    ~~~~~~~~~~~~~~~~^
        root,
        ^^^^^
    ...<5 lines>...
        allow_empty=allow_empty,
        ^^^^^^^^^^^^^^^^^^^^^^^^
    )
    ^
  File "/fp/projects01/ec674/venvs/in5310h26/lib/python3.13/site-packages/torchvision/datasets/folder.py", line 149, in __init__
    classes, class_to_idx = self.find_classes(self.root)
                            ~~~~~~~~~~~~~~~~~^^^^^^^^^^^
  File "/fp/projects01/ec674/venvs/in5310h26/lib/python3.13/site-packages/torchvision/datasets/folder.py", line 234, in find_classes
    return find_classes(directory)
  File "/fp/projects01/ec674/venvs/in5310h26/lib/python3.13/site-packages/torchvision/datasets/folder.py", line 41, in find_classes
    classes = sorted(entry.name for entry in os.scandir(directory) if entry.is_dir())
                                             ~~~~~~~~~~^^^^^^^^^^^
FileNotFoundError: [Errno 2] No such file or directory: 'data/imagewoof2/train'
make: *** [Makefile:27: run] Error 1

Job 4112152 consumed 0.2 billing hours from project ec674.

Submitted 2026-09-02T13:04:29; waited 0.0 seconds in the queue after becoming eligible to run.

Requested wallclock time: 2.0 hours
Elapsed wallclock time:   29.0 seconds

Job failed.

Task and CPU statistics:
ID             CPUs  Tasks  CPU util                Start  Elapsed  Exit status
4112152           4            0.0 %  2026-09-02T13:04:29   29.0 s  2 (shell builtin error)
4112152.batch     4      1    14.3 %  2026-09-02T13:04:29   29.0 s  2 (shell builtin error)

Used CPU time:   16.6 CPU seconds
Unused CPU time: 1.7 CPU minutes

Memory statistics, in GiB:
ID              Alloc   Usage
4112152          16.0        
4112152.batch    16.0     0.4

Job 4112152 completed at Wed Sep 2 13:04:58 CEST 2026
